C:\Users\Gear Shift\Desktop\Halo Pack\Weapons\SRS99-AM\Screen\FrameOut\SRS99_Frame_Output000.tga
C:\Users\Gear Shift\Desktop\Halo Pack\Weapons\SRS99-AM\Screen\FrameOut\SRS99_Frame_Output001.tga
C:\Users\Gear Shift\Desktop\Halo Pack\Weapons\SRS99-AM\Screen\FrameOut\SRS99_Frame_Output002.tga
C:\Users\Gear Shift\Desktop\Halo Pack\Weapons\SRS99-AM\Screen\FrameOut\SRS99_Frame_Output003.tga
C:\Users\Gear Shift\Desktop\Halo Pack\Weapons\SRS99-AM\Screen\FrameOut\SRS99_Frame_Output004.tga
C:\Users\Gear Shift\Desktop\Halo Pack\Weapons\SRS99-AM\Screen\FrameOut\SRS99_Frame_Output005.tga
C:\Users\Gear Shift\Desktop\Halo Pack\Weapons\SRS99-AM\Screen\FrameOut\SRS99_Frame_Output006.tga
C:\Users\Gear Shift\Desktop\Halo Pack\Weapons\SRS99-AM\Screen\FrameOut\SRS99_Frame_Output007.tga
C:\Users\Gear Shift\Desktop\Halo Pack\Weapons\SRS99-AM\Screen\FrameOut\SRS99_Frame_Output008.tga
C:\Users\Gear Shift\Desktop\Halo Pack\Weapons\SRS99-AM\Screen\FrameOut\SRS99_Frame_Output009.tga
C:\Users\Gear Shift\Desktop\Halo Pack\Weapons\SRS99-AM\Screen\FrameOut\SRS99_Frame_Output010.tga
C:\Users\Gear Shift\Desktop\Halo Pack\Weapons\SRS99-AM\Screen\FrameOut\SRS99_Frame_Output011.tga
C:\Users\Gear Shift\Desktop\Halo Pack\Weapons\SRS99-AM\Screen\FrameOut\SRS99_Frame_Output012.tga
C:\Users\Gear Shift\Desktop\Halo Pack\Weapons\SRS99-AM\Screen\FrameOut\SRS99_Frame_Output013.tga
C:\Users\Gear Shift\Desktop\Halo Pack\Weapons\SRS99-AM\Screen\FrameOut\SRS99_Frame_Output014.tga
C:\Users\Gear Shift\Desktop\Halo Pack\Weapons\SRS99-AM\Screen\FrameOut\SRS99_Frame_Output015.tga
C:\Users\Gear Shift\Desktop\Halo Pack\Weapons\SRS99-AM\Screen\FrameOut\SRS99_Frame_Output016.tga
C:\Users\Gear Shift\Desktop\Halo Pack\Weapons\SRS99-AM\Screen\FrameOut\SRS99_Frame_Output017.tga
C:\Users\Gear Shift\Desktop\Halo Pack\Weapons\SRS99-AM\Screen\FrameOut\SRS99_Frame_Output018.tga
C:\Users\Gear Shift\Desktop\Halo Pack\Weapons\SRS99-AM\Screen\FrameOut\SRS99_Frame_Output019.tga
C:\Users\Gear Shift\Desktop\Halo Pack\Weapons\SRS99-AM\Screen\FrameOut\SRS99_Frame_Output020.tga
C:\Users\Gear Shift\Desktop\Halo Pack\Weapons\SRS99-AM\Screen\FrameOut\SRS99_Frame_Output021.tga
C:\Users\Gear Shift\Desktop\Halo Pack\Weapons\SRS99-AM\Screen\FrameOut\SRS99_Frame_Output022.tga
C:\Users\Gear Shift\Desktop\Halo Pack\Weapons\SRS99-AM\Screen\FrameOut\SRS99_Frame_Output023.tga
C:\Users\Gear Shift\Desktop\Halo Pack\Weapons\SRS99-AM\Screen\FrameOut\SRS99_Frame_Output024.tga
C:\Users\Gear Shift\Desktop\Halo Pack\Weapons\SRS99-AM\Screen\FrameOut\SRS99_Frame_Output025.tga
C:\Users\Gear Shift\Desktop\Halo Pack\Weapons\SRS99-AM\Screen\FrameOut\SRS99_Frame_Output026.tga
C:\Users\Gear Shift\Desktop\Halo Pack\Weapons\SRS99-AM\Screen\FrameOut\SRS99_Frame_Output027.tga
C:\Users\Gear Shift\Desktop\Halo Pack\Weapons\SRS99-AM\Screen\FrameOut\SRS99_Frame_Output028.tga
C:\Users\Gear Shift\Desktop\Halo Pack\Weapons\SRS99-AM\Screen\FrameOut\SRS99_Frame_Output029.tga
C:\Users\Gear Shift\Desktop\Halo Pack\Weapons\SRS99-AM\Screen\FrameOut\SRS99_Frame_Output030.tga
C:\Users\Gear Shift\Desktop\Halo Pack\Weapons\SRS99-AM\Screen\FrameOut\SRS99_Frame_Output031.tga
C:\Users\Gear Shift\Desktop\Halo Pack\Weapons\SRS99-AM\Screen\FrameOut\SRS99_Frame_Output032.tga
C:\Users\Gear Shift\Desktop\Halo Pack\Weapons\SRS99-AM\Screen\FrameOut\SRS99_Frame_Output033.tga
C:\Users\Gear Shift\Desktop\Halo Pack\Weapons\SRS99-AM\Screen\FrameOut\SRS99_Frame_Output034.tga
C:\Users\Gear Shift\Desktop\Halo Pack\Weapons\SRS99-AM\Screen\FrameOut\SRS99_Frame_Output035.tga
C:\Users\Gear Shift\Desktop\Halo Pack\Weapons\SRS99-AM\Screen\FrameOut\SRS99_Frame_Output036.tga
C:\Users\Gear Shift\Desktop\Halo Pack\Weapons\SRS99-AM\Screen\FrameOut\SRS99_Frame_Output037.tga
C:\Users\Gear Shift\Desktop\Halo Pack\Weapons\SRS99-AM\Screen\FrameOut\SRS99_Frame_Output038.tga
C:\Users\Gear Shift\Desktop\Halo Pack\Weapons\SRS99-AM\Screen\FrameOut\SRS99_Frame_Output039.tga
C:\Users\Gear Shift\Desktop\Halo Pack\Weapons\SRS99-AM\Screen\FrameOut\SRS99_Frame_Output040.tga
C:\Users\Gear Shift\Desktop\Halo Pack\Weapons\SRS99-AM\Screen\FrameOut\SRS99_Frame_Output041.tga
C:\Users\Gear Shift\Desktop\Halo Pack\Weapons\SRS99-AM\Screen\FrameOut\SRS99_Frame_Output042.tga
C:\Users\Gear Shift\Desktop\Halo Pack\Weapons\SRS99-AM\Screen\FrameOut\SRS99_Frame_Output043.tga
C:\Users\Gear Shift\Desktop\Halo Pack\Weapons\SRS99-AM\Screen\FrameOut\SRS99_Frame_Output044.tga
C:\Users\Gear Shift\Desktop\Halo Pack\Weapons\SRS99-AM\Screen\FrameOut\SRS99_Frame_Output045.tga
C:\Users\Gear Shift\Desktop\Halo Pack\Weapons\SRS99-AM\Screen\FrameOut\SRS99_Frame_Output046.tga
C:\Users\Gear Shift\Desktop\Halo Pack\Weapons\SRS99-AM\Screen\FrameOut\SRS99_Frame_Output047.tga
C:\Users\Gear Shift\Desktop\Halo Pack\Weapons\SRS99-AM\Screen\FrameOut\SRS99_Frame_Output048.tga
C:\Users\Gear Shift\Desktop\Halo Pack\Weapons\SRS99-AM\Screen\FrameOut\SRS99_Frame_Output049.tga
C:\Users\Gear Shift\Desktop\Halo Pack\Weapons\SRS99-AM\Screen\FrameOut\SRS99_Frame_Output050.tga
C:\Users\Gear Shift\Desktop\Halo Pack\Weapons\SRS99-AM\Screen\FrameOut\SRS99_Frame_Output051.tga
C:\Users\Gear Shift\Desktop\Halo Pack\Weapons\SRS99-AM\Screen\FrameOut\SRS99_Frame_Output052.tga
C:\Users\Gear Shift\Desktop\Halo Pack\Weapons\SRS99-AM\Screen\FrameOut\SRS99_Frame_Output053.tga
C:\Users\Gear Shift\Desktop\Halo Pack\Weapons\SRS99-AM\Screen\FrameOut\SRS99_Frame_Output054.tga
C:\Users\Gear Shift\Desktop\Halo Pack\Weapons\SRS99-AM\Screen\FrameOut\SRS99_Frame_Output055.tga
C:\Users\Gear Shift\Desktop\Halo Pack\Weapons\SRS99-AM\Screen\FrameOut\SRS99_Frame_Output056.tga
C:\Users\Gear Shift\Desktop\Halo Pack\Weapons\SRS99-AM\Screen\FrameOut\SRS99_Frame_Output057.tga
C:\Users\Gear Shift\Desktop\Halo Pack\Weapons\SRS99-AM\Screen\FrameOut\SRS99_Frame_Output058.tga
C:\Users\Gear Shift\Desktop\Halo Pack\Weapons\SRS99-AM\Screen\FrameOut\SRS99_Frame_Output059.tga
C:\Users\Gear Shift\Desktop\Halo Pack\Weapons\SRS99-AM\Screen\FrameOut\SRS99_Frame_Output060.tga
C:\Users\Gear Shift\Desktop\Halo Pack\Weapons\SRS99-AM\Screen\FrameOut\SRS99_Frame_Output061.tga
C:\Users\Gear Shift\Desktop\Halo Pack\Weapons\SRS99-AM\Screen\FrameOut\SRS99_Frame_Output062.tga
C:\Users\Gear Shift\Desktop\Halo Pack\Weapons\SRS99-AM\Screen\FrameOut\SRS99_Frame_Output063.tga
C:\Users\Gear Shift\Desktop\Halo Pack\Weapons\SRS99-AM\Screen\FrameOut\SRS99_Frame_Output064.tga
C:\Users\Gear Shift\Desktop\Halo Pack\Weapons\SRS99-AM\Screen\FrameOut\SRS99_Frame_Output065.tga
C:\Users\Gear Shift\Desktop\Halo Pack\Weapons\SRS99-AM\Screen\FrameOut\SRS99_Frame_Output066.tga
C:\Users\Gear Shift\Desktop\Halo Pack\Weapons\SRS99-AM\Screen\FrameOut\SRS99_Frame_Output067.tga
C:\Users\Gear Shift\Desktop\Halo Pack\Weapons\SRS99-AM\Screen\FrameOut\SRS99_Frame_Output068.tga
C:\Users\Gear Shift\Desktop\Halo Pack\Weapons\SRS99-AM\Screen\FrameOut\SRS99_Frame_Output069.tga
C:\Users\Gear Shift\Desktop\Halo Pack\Weapons\SRS99-AM\Screen\FrameOut\SRS99_Frame_Output070.tga
C:\Users\Gear Shift\Desktop\Halo Pack\Weapons\SRS99-AM\Screen\FrameOut\SRS99_Frame_Output071.tga
C:\Users\Gear Shift\Desktop\Halo Pack\Weapons\SRS99-AM\Screen\FrameOut\SRS99_Frame_Output072.tga
C:\Users\Gear Shift\Desktop\Halo Pack\Weapons\SRS99-AM\Screen\FrameOut\SRS99_Frame_Output073.tga
C:\Users\Gear Shift\Desktop\Halo Pack\Weapons\SRS99-AM\Screen\FrameOut\SRS99_Frame_Output074.tga
C:\Users\Gear Shift\Desktop\Halo Pack\Weapons\SRS99-AM\Screen\FrameOut\SRS99_Frame_Output075.tga
C:\Users\Gear Shift\Desktop\Halo Pack\Weapons\SRS99-AM\Screen\FrameOut\SRS99_Frame_Output076.tga
C:\Users\Gear Shift\Desktop\Halo Pack\Weapons\SRS99-AM\Screen\FrameOut\SRS99_Frame_Output077.tga
C:\Users\Gear Shift\Desktop\Halo Pack\Weapons\SRS99-AM\Screen\FrameOut\SRS99_Frame_Output078.tga
C:\Users\Gear Shift\Desktop\Halo Pack\Weapons\SRS99-AM\Screen\FrameOut\SRS99_Frame_Output079.tga
C:\Users\Gear Shift\Desktop\Halo Pack\Weapons\SRS99-AM\Screen\FrameOut\SRS99_Frame_Output080.tga
C:\Users\Gear Shift\Desktop\Halo Pack\Weapons\SRS99-AM\Screen\FrameOut\SRS99_Frame_Output081.tga
C:\Users\Gear Shift\Desktop\Halo Pack\Weapons\SRS99-AM\Screen\FrameOut\SRS99_Frame_Output082.tga
C:\Users\Gear Shift\Desktop\Halo Pack\Weapons\SRS99-AM\Screen\FrameOut\SRS99_Frame_Output083.tga
C:\Users\Gear Shift\Desktop\Halo Pack\Weapons\SRS99-AM\Screen\FrameOut\SRS99_Frame_Output084.tga
C:\Users\Gear Shift\Desktop\Halo Pack\Weapons\SRS99-AM\Screen\FrameOut\SRS99_Frame_Output085.tga
C:\Users\Gear Shift\Desktop\Halo Pack\Weapons\SRS99-AM\Screen\FrameOut\SRS99_Frame_Output086.tga
C:\Users\Gear Shift\Desktop\Halo Pack\Weapons\SRS99-AM\Screen\FrameOut\SRS99_Frame_Output087.tga
C:\Users\Gear Shift\Desktop\Halo Pack\Weapons\SRS99-AM\Screen\FrameOut\SRS99_Frame_Output088.tga
C:\Users\Gear Shift\Desktop\Halo Pack\Weapons\SRS99-AM\Screen\FrameOut\SRS99_Frame_Output089.tga
C:\Users\Gear Shift\Desktop\Halo Pack\Weapons\SRS99-AM\Screen\FrameOut\SRS99_Frame_Output090.tga
C:\Users\Gear Shift\Desktop\Halo Pack\Weapons\SRS99-AM\Screen\FrameOut\SRS99_Frame_Output091.tga
C:\Users\Gear Shift\Desktop\Halo Pack\Weapons\SRS99-AM\Screen\FrameOut\SRS99_Frame_Output092.tga
C:\Users\Gear Shift\Desktop\Halo Pack\Weapons\SRS99-AM\Screen\FrameOut\SRS99_Frame_Output093.tga
C:\Users\Gear Shift\Desktop\Halo Pack\Weapons\SRS99-AM\Screen\FrameOut\SRS99_Frame_Output094.tga
C:\Users\Gear Shift\Desktop\Halo Pack\Weapons\SRS99-AM\Screen\FrameOut\SRS99_Frame_Output095.tga
C:\Users\Gear Shift\Desktop\Halo Pack\Weapons\SRS99-AM\Screen\FrameOut\SRS99_Frame_Output096.tga
C:\Users\Gear Shift\Desktop\Halo Pack\Weapons\SRS99-AM\Screen\FrameOut\SRS99_Frame_Output097.tga
C:\Users\Gear Shift\Desktop\Halo Pack\Weapons\SRS99-AM\Screen\FrameOut\SRS99_Frame_Output098.tga
C:\Users\Gear Shift\Desktop\Halo Pack\Weapons\SRS99-AM\Screen\FrameOut\SRS99_Frame_Output099.tga
C:\Users\Gear Shift\Desktop\Halo Pack\Weapons\SRS99-AM\Screen\FrameOut\SRS99_Frame_Output100.tga
C:\Users\Gear Shift\Desktop\Halo Pack\Weapons\SRS99-AM\Screen\FrameOut\SRS99_Frame_Output101.tga
C:\Users\Gear Shift\Desktop\Halo Pack\Weapons\SRS99-AM\Screen\FrameOut\SRS99_Frame_Output102.tga
C:\Users\Gear Shift\Desktop\Halo Pack\Weapons\SRS99-AM\Screen\FrameOut\SRS99_Frame_Output103.tga
C:\Users\Gear Shift\Desktop\Halo Pack\Weapons\SRS99-AM\Screen\FrameOut\SRS99_Frame_Output104.tga
C:\Users\Gear Shift\Desktop\Halo Pack\Weapons\SRS99-AM\Screen\FrameOut\SRS99_Frame_Output105.tga
C:\Users\Gear Shift\Desktop\Halo Pack\Weapons\SRS99-AM\Screen\FrameOut\SRS99_Frame_Output106.tga
C:\Users\Gear Shift\Desktop\Halo Pack\Weapons\SRS99-AM\Screen\FrameOut\SRS99_Frame_Output107.tga
C:\Users\Gear Shift\Desktop\Halo Pack\Weapons\SRS99-AM\Screen\FrameOut\SRS99_Frame_Output108.tga
C:\Users\Gear Shift\Desktop\Halo Pack\Weapons\SRS99-AM\Screen\FrameOut\SRS99_Frame_Output109.tga
C:\Users\Gear Shift\Desktop\Halo Pack\Weapons\SRS99-AM\Screen\FrameOut\SRS99_Frame_Output110.tga
C:\Users\Gear Shift\Desktop\Halo Pack\Weapons\SRS99-AM\Screen\FrameOut\SRS99_Frame_Output111.tga
C:\Users\Gear Shift\Desktop\Halo Pack\Weapons\SRS99-AM\Screen\FrameOut\SRS99_Frame_Output112.tga
C:\Users\Gear Shift\Desktop\Halo Pack\Weapons\SRS99-AM\Screen\FrameOut\SRS99_Frame_Output113.tga
C:\Users\Gear Shift\Desktop\Halo Pack\Weapons\SRS99-AM\Screen\FrameOut\SRS99_Frame_Output114.tga
C:\Users\Gear Shift\Desktop\Halo Pack\Weapons\SRS99-AM\Screen\FrameOut\SRS99_Frame_Output115.tga
C:\Users\Gear Shift\Desktop\Halo Pack\Weapons\SRS99-AM\Screen\FrameOut\SRS99_Frame_Output116.tga
C:\Users\Gear Shift\Desktop\Halo Pack\Weapons\SRS99-AM\Screen\FrameOut\SRS99_Frame_Output117.tga
C:\Users\Gear Shift\Desktop\Halo Pack\Weapons\SRS99-AM\Screen\FrameOut\SRS99_Frame_Output118.tga
C:\Users\Gear Shift\Desktop\Halo Pack\Weapons\SRS99-AM\Screen\FrameOut\SRS99_Frame_Output119.tga
C:\Users\Gear Shift\Desktop\Halo Pack\Weapons\SRS99-AM\Screen\FrameOut\SRS99_Frame_Output120.tga
C:\Users\Gear Shift\Desktop\Halo Pack\Weapons\SRS99-AM\Screen\FrameOut\SRS99_Frame_Output121.tga
C:\Users\Gear Shift\Desktop\Halo Pack\Weapons\SRS99-AM\Screen\FrameOut\SRS99_Frame_Output122.tga
C:\Users\Gear Shift\Desktop\Halo Pack\Weapons\SRS99-AM\Screen\FrameOut\SRS99_Frame_Output123.tga
C:\Users\Gear Shift\Desktop\Halo Pack\Weapons\SRS99-AM\Screen\FrameOut\SRS99_Frame_Output124.tga
C:\Users\Gear Shift\Desktop\Halo Pack\Weapons\SRS99-AM\Screen\FrameOut\SRS99_Frame_Output125.tga
C:\Users\Gear Shift\Desktop\Halo Pack\Weapons\SRS99-AM\Screen\FrameOut\SRS99_Frame_Output126.tga
C:\Users\Gear Shift\Desktop\Halo Pack\Weapons\SRS99-AM\Screen\FrameOut\SRS99_Frame_Output127.tga
C:\Users\Gear Shift\Desktop\Halo Pack\Weapons\SRS99-AM\Screen\FrameOut\SRS99_Frame_Output128.tga
C:\Users\Gear Shift\Desktop\Halo Pack\Weapons\SRS99-AM\Screen\FrameOut\SRS99_Frame_Output129.tga
C:\Users\Gear Shift\Desktop\Halo Pack\Weapons\SRS99-AM\Screen\FrameOut\SRS99_Frame_Output130.tga
C:\Users\Gear Shift\Desktop\Halo Pack\Weapons\SRS99-AM\Screen\FrameOut\SRS99_Frame_Output131.tga
C:\Users\Gear Shift\Desktop\Halo Pack\Weapons\SRS99-AM\Screen\FrameOut\SRS99_Frame_Output132.tga
C:\Users\Gear Shift\Desktop\Halo Pack\Weapons\SRS99-AM\Screen\FrameOut\SRS99_Frame_Output133.tga
C:\Users\Gear Shift\Desktop\Halo Pack\Weapons\SRS99-AM\Screen\FrameOut\SRS99_Frame_Output134.tga
C:\Users\Gear Shift\Desktop\Halo Pack\Weapons\SRS99-AM\Screen\FrameOut\SRS99_Frame_Output135.tga
C:\Users\Gear Shift\Desktop\Halo Pack\Weapons\SRS99-AM\Screen\FrameOut\SRS99_Frame_Output136.tga
C:\Users\Gear Shift\Desktop\Halo Pack\Weapons\SRS99-AM\Screen\FrameOut\SRS99_Frame_Output137.tga
C:\Users\Gear Shift\Desktop\Halo Pack\Weapons\SRS99-AM\Screen\FrameOut\SRS99_Frame_Output138.tga
C:\Users\Gear Shift\Desktop\Halo Pack\Weapons\SRS99-AM\Screen\FrameOut\SRS99_Frame_Output139.tga
C:\Users\Gear Shift\Desktop\Halo Pack\Weapons\SRS99-AM\Screen\FrameOut\SRS99_Frame_Output140.tga
C:\Users\Gear Shift\Desktop\Halo Pack\Weapons\SRS99-AM\Screen\FrameOut\SRS99_Frame_Output141.tga
C:\Users\Gear Shift\Desktop\Halo Pack\Weapons\SRS99-AM\Screen\FrameOut\SRS99_Frame_Output142.tga
C:\Users\Gear Shift\Desktop\Halo Pack\Weapons\SRS99-AM\Screen\FrameOut\SRS99_Frame_Output143.tga
C:\Users\Gear Shift\Desktop\Halo Pack\Weapons\SRS99-AM\Screen\FrameOut\SRS99_Frame_Output144.tga
C:\Users\Gear Shift\Desktop\Halo Pack\Weapons\SRS99-AM\Screen\FrameOut\SRS99_Frame_Output145.tga
C:\Users\Gear Shift\Desktop\Halo Pack\Weapons\SRS99-AM\Screen\FrameOut\SRS99_Frame_Output146.tga
C:\Users\Gear Shift\Desktop\Halo Pack\Weapons\SRS99-AM\Screen\FrameOut\SRS99_Frame_Output147.tga
C:\Users\Gear Shift\Desktop\Halo Pack\Weapons\SRS99-AM\Screen\FrameOut\SRS99_Frame_Output148.tga
C:\Users\Gear Shift\Desktop\Halo Pack\Weapons\SRS99-AM\Screen\FrameOut\SRS99_Frame_Output149.tga
C:\Users\Gear Shift\Desktop\Halo Pack\Weapons\SRS99-AM\Screen\FrameOut\SRS99_Frame_Output150.tga
C:\Users\Gear Shift\Desktop\Halo Pack\Weapons\SRS99-AM\Screen\FrameOut\SRS99_Frame_Output151.tga
C:\Users\Gear Shift\Desktop\Halo Pack\Weapons\SRS99-AM\Screen\FrameOut\SRS99_Frame_Output152.tga
C:\Users\Gear Shift\Desktop\Halo Pack\Weapons\SRS99-AM\Screen\FrameOut\SRS99_Frame_Output153.tga
C:\Users\Gear Shift\Desktop\Halo Pack\Weapons\SRS99-AM\Screen\FrameOut\SRS99_Frame_Output154.tga
C:\Users\Gear Shift\Desktop\Halo Pack\Weapons\SRS99-AM\Screen\FrameOut\SRS99_Frame_Output155.tga
C:\Users\Gear Shift\Desktop\Halo Pack\Weapons\SRS99-AM\Screen\FrameOut\SRS99_Frame_Output156.tga
C:\Users\Gear Shift\Desktop\Halo Pack\Weapons\SRS99-AM\Screen\FrameOut\SRS99_Frame_Output157.tga
C:\Users\Gear Shift\Desktop\Halo Pack\Weapons\SRS99-AM\Screen\FrameOut\SRS99_Frame_Output158.tga
C:\Users\Gear Shift\Desktop\Halo Pack\Weapons\SRS99-AM\Screen\FrameOut\SRS99_Frame_Output159.tga
C:\Users\Gear Shift\Desktop\Halo Pack\Weapons\SRS99-AM\Screen\FrameOut\SRS99_Frame_Output160.tga
C:\Users\Gear Shift\Desktop\Halo Pack\Weapons\SRS99-AM\Screen\FrameOut\SRS99_Frame_Output161.tga
C:\Users\Gear Shift\Desktop\Halo Pack\Weapons\SRS99-AM\Screen\FrameOut\SRS99_Frame_Output162.tga
C:\Users\Gear Shift\Desktop\Halo Pack\Weapons\SRS99-AM\Screen\FrameOut\SRS99_Frame_Output163.tga
C:\Users\Gear Shift\Desktop\Halo Pack\Weapons\SRS99-AM\Screen\FrameOut\SRS99_Frame_Output164.tga
C:\Users\Gear Shift\Desktop\Halo Pack\Weapons\SRS99-AM\Screen\FrameOut\SRS99_Frame_Output165.tga
C:\Users\Gear Shift\Desktop\Halo Pack\Weapons\SRS99-AM\Screen\FrameOut\SRS99_Frame_Output166.tga
C:\Users\Gear Shift\Desktop\Halo Pack\Weapons\SRS99-AM\Screen\FrameOut\SRS99_Frame_Output167.tga
C:\Users\Gear Shift\Desktop\Halo Pack\Weapons\SRS99-AM\Screen\FrameOut\SRS99_Frame_Output168.tga
C:\Users\Gear Shift\Desktop\Halo Pack\Weapons\SRS99-AM\Screen\FrameOut\SRS99_Frame_Output169.tga
C:\Users\Gear Shift\Desktop\Halo Pack\Weapons\SRS99-AM\Screen\FrameOut\SRS99_Frame_Output170.tga
C:\Users\Gear Shift\Desktop\Halo Pack\Weapons\SRS99-AM\Screen\FrameOut\SRS99_Frame_Output171.tga
C:\Users\Gear Shift\Desktop\Halo Pack\Weapons\SRS99-AM\Screen\FrameOut\SRS99_Frame_Output172.tga
C:\Users\Gear Shift\Desktop\Halo Pack\Weapons\SRS99-AM\Screen\FrameOut\SRS99_Frame_Output173.tga
C:\Users\Gear Shift\Desktop\Halo Pack\Weapons\SRS99-AM\Screen\FrameOut\SRS99_Frame_Output174.tga
C:\Users\Gear Shift\Desktop\Halo Pack\Weapons\SRS99-AM\Screen\FrameOut\SRS99_Frame_Output175.tga
C:\Users\Gear Shift\Desktop\Halo Pack\Weapons\SRS99-AM\Screen\FrameOut\SRS99_Frame_Output176.tga
C:\Users\Gear Shift\Desktop\Halo Pack\Weapons\SRS99-AM\Screen\FrameOut\SRS99_Frame_Output177.tga
C:\Users\Gear Shift\Desktop\Halo Pack\Weapons\SRS99-AM\Screen\FrameOut\SRS99_Frame_Output178.tga
C:\Users\Gear Shift\Desktop\Halo Pack\Weapons\SRS99-AM\Screen\FrameOut\SRS99_Frame_Output179.tga
C:\Users\Gear Shift\Desktop\Halo Pack\Weapons\SRS99-AM\Screen\FrameOut\SRS99_Frame_Output180.tga
C:\Users\Gear Shift\Desktop\Halo Pack\Weapons\SRS99-AM\Screen\FrameOut\SRS99_Frame_Output181.tga
C:\Users\Gear Shift\Desktop\Halo Pack\Weapons\SRS99-AM\Screen\FrameOut\SRS99_Frame_Output182.tga
C:\Users\Gear Shift\Desktop\Halo Pack\Weapons\SRS99-AM\Screen\FrameOut\SRS99_Frame_Output183.tga
C:\Users\Gear Shift\Desktop\Halo Pack\Weapons\SRS99-AM\Screen\FrameOut\SRS99_Frame_Output184.tga
C:\Users\Gear Shift\Desktop\Halo Pack\Weapons\SRS99-AM\Screen\FrameOut\SRS99_Frame_Output185.tga
C:\Users\Gear Shift\Desktop\Halo Pack\Weapons\SRS99-AM\Screen\FrameOut\SRS99_Frame_Output186.tga
C:\Users\Gear Shift\Desktop\Halo Pack\Weapons\SRS99-AM\Screen\FrameOut\SRS99_Frame_Output187.tga
C:\Users\Gear Shift\Desktop\Halo Pack\Weapons\SRS99-AM\Screen\FrameOut\SRS99_Frame_Output188.tga
C:\Users\Gear Shift\Desktop\Halo Pack\Weapons\SRS99-AM\Screen\FrameOut\SRS99_Frame_Output189.tga
C:\Users\Gear Shift\Desktop\Halo Pack\Weapons\SRS99-AM\Screen\FrameOut\SRS99_Frame_Output190.tga
C:\Users\Gear Shift\Desktop\Halo Pack\Weapons\SRS99-AM\Screen\FrameOut\SRS99_Frame_Output191.tga
C:\Users\Gear Shift\Desktop\Halo Pack\Weapons\SRS99-AM\Screen\FrameOut\SRS99_Frame_Output192.tga
C:\Users\Gear Shift\Desktop\Halo Pack\Weapons\SRS99-AM\Screen\FrameOut\SRS99_Frame_Output193.tga
C:\Users\Gear Shift\Desktop\Halo Pack\Weapons\SRS99-AM\Screen\FrameOut\SRS99_Frame_Output194.tga
C:\Users\Gear Shift\Desktop\Halo Pack\Weapons\SRS99-AM\Screen\FrameOut\SRS99_Frame_Output195.tga
C:\Users\Gear Shift\Desktop\Halo Pack\Weapons\SRS99-AM\Screen\FrameOut\SRS99_Frame_Output196.tga
C:\Users\Gear Shift\Desktop\Halo Pack\Weapons\SRS99-AM\Screen\FrameOut\SRS99_Frame_Output197.tga
C:\Users\Gear Shift\Desktop\Halo Pack\Weapons\SRS99-AM\Screen\FrameOut\SRS99_Frame_Output198.tga
C:\Users\Gear Shift\Desktop\Halo Pack\Weapons\SRS99-AM\Screen\FrameOut\SRS99_Frame_Output199.tga
C:\Users\Gear Shift\Desktop\Halo Pack\Weapons\SRS99-AM\Screen\FrameOut\SRS99_Frame_Output200.tga
C:\Users\Gear Shift\Desktop\Halo Pack\Weapons\SRS99-AM\Screen\FrameOut\SRS99_Frame_Output201.tga
C:\Users\Gear Shift\Desktop\Halo Pack\Weapons\SRS99-AM\Screen\FrameOut\SRS99_Frame_Output202.tga
C:\Users\Gear Shift\Desktop\Halo Pack\Weapons\SRS99-AM\Screen\FrameOut\SRS99_Frame_Output203.tga
C:\Users\Gear Shift\Desktop\Halo Pack\Weapons\SRS99-AM\Screen\FrameOut\SRS99_Frame_Output204.tga
C:\Users\Gear Shift\Desktop\Halo Pack\Weapons\SRS99-AM\Screen\FrameOut\SRS99_Frame_Output205.tga
C:\Users\Gear Shift\Desktop\Halo Pack\Weapons\SRS99-AM\Screen\FrameOut\SRS99_Frame_Output206.tga
C:\Users\Gear Shift\Desktop\Halo Pack\Weapons\SRS99-AM\Screen\FrameOut\SRS99_Frame_Output207.tga
C:\Users\Gear Shift\Desktop\Halo Pack\Weapons\SRS99-AM\Screen\FrameOut\SRS99_Frame_Output208.tga
C:\Users\Gear Shift\Desktop\Halo Pack\Weapons\SRS99-AM\Screen\FrameOut\SRS99_Frame_Output209.tga
C:\Users\Gear Shift\Desktop\Halo Pack\Weapons\SRS99-AM\Screen\FrameOut\SRS99_Frame_Output210.tga
C:\Users\Gear Shift\Desktop\Halo Pack\Weapons\SRS99-AM\Screen\FrameOut\SRS99_Frame_Output211.tga
C:\Users\Gear Shift\Desktop\Halo Pack\Weapons\SRS99-AM\Screen\FrameOut\SRS99_Frame_Output212.tga
C:\Users\Gear Shift\Desktop\Halo Pack\Weapons\SRS99-AM\Screen\FrameOut\SRS99_Frame_Output213.tga
C:\Users\Gear Shift\Desktop\Halo Pack\Weapons\SRS99-AM\Screen\FrameOut\SRS99_Frame_Output214.tga
C:\Users\Gear Shift\Desktop\Halo Pack\Weapons\SRS99-AM\Screen\FrameOut\SRS99_Frame_Output215.tga
C:\Users\Gear Shift\Desktop\Halo Pack\Weapons\SRS99-AM\Screen\FrameOut\SRS99_Frame_Output216.tga
C:\Users\Gear Shift\Desktop\Halo Pack\Weapons\SRS99-AM\Screen\FrameOut\SRS99_Frame_Output217.tga
C:\Users\Gear Shift\Desktop\Halo Pack\Weapons\SRS99-AM\Screen\FrameOut\SRS99_Frame_Output218.tga
C:\Users\Gear Shift\Desktop\Halo Pack\Weapons\SRS99-AM\Screen\FrameOut\SRS99_Frame_Output219.tga
C:\Users\Gear Shift\Desktop\Halo Pack\Weapons\SRS99-AM\Screen\FrameOut\SRS99_Frame_Output220.tga
C:\Users\Gear Shift\Desktop\Halo Pack\Weapons\SRS99-AM\Screen\FrameOut\SRS99_Frame_Output221.tga
C:\Users\Gear Shift\Desktop\Halo Pack\Weapons\SRS99-AM\Screen\FrameOut\SRS99_Frame_Output222.tga
C:\Users\Gear Shift\Desktop\Halo Pack\Weapons\SRS99-AM\Screen\FrameOut\SRS99_Frame_Output223.tga
C:\Users\Gear Shift\Desktop\Halo Pack\Weapons\SRS99-AM\Screen\FrameOut\SRS99_Frame_Output224.tga
C:\Users\Gear Shift\Desktop\Halo Pack\Weapons\SRS99-AM\Screen\FrameOut\SRS99_Frame_Output225.tga
C:\Users\Gear Shift\Desktop\Halo Pack\Weapons\SRS99-AM\Screen\FrameOut\SRS99_Frame_Output226.tga
C:\Users\Gear Shift\Desktop\Halo Pack\Weapons\SRS99-AM\Screen\FrameOut\SRS99_Frame_Output227.tga
C:\Users\Gear Shift\Desktop\Halo Pack\Weapons\SRS99-AM\Screen\FrameOut\SRS99_Frame_Output228.tga
C:\Users\Gear Shift\Desktop\Halo Pack\Weapons\SRS99-AM\Screen\FrameOut\SRS99_Frame_Output229.tga
C:\Users\Gear Shift\Desktop\Halo Pack\Weapons\SRS99-AM\Screen\FrameOut\SRS99_Frame_Output230.tga
C:\Users\Gear Shift\Desktop\Halo Pack\Weapons\SRS99-AM\Screen\FrameOut\SRS99_Frame_Output231.tga
C:\Users\Gear Shift\Desktop\Halo Pack\Weapons\SRS99-AM\Screen\FrameOut\SRS99_Frame_Output232.tga
C:\Users\Gear Shift\Desktop\Halo Pack\Weapons\SRS99-AM\Screen\FrameOut\SRS99_Frame_Output233.tga
C:\Users\Gear Shift\Desktop\Halo Pack\Weapons\SRS99-AM\Screen\FrameOut\SRS99_Frame_Output234.tga
C:\Users\Gear Shift\Desktop\Halo Pack\Weapons\SRS99-AM\Screen\FrameOut\SRS99_Frame_Output235.tga
C:\Users\Gear Shift\Desktop\Halo Pack\Weapons\SRS99-AM\Screen\FrameOut\SRS99_Frame_Output236.tga
C:\Users\Gear Shift\Desktop\Halo Pack\Weapons\SRS99-AM\Screen\FrameOut\SRS99_Frame_Output237.tga
C:\Users\Gear Shift\Desktop\Halo Pack\Weapons\SRS99-AM\Screen\FrameOut\SRS99_Frame_Output238.tga
C:\Users\Gear Shift\Desktop\Halo Pack\Weapons\SRS99-AM\Screen\FrameOut\SRS99_Frame_Output239.tga
C:\Users\Gear Shift\Desktop\Halo Pack\Weapons\SRS99-AM\Screen\FrameOut\SRS99_Frame_Output240.tga
C:\Users\Gear Shift\Desktop\Halo Pack\Weapons\SRS99-AM\Screen\FrameOut\SRS99_Frame_Output241.tga
C:\Users\Gear Shift\Desktop\Halo Pack\Weapons\SRS99-AM\Screen\FrameOut\SRS99_Frame_Output242.tga
C:\Users\Gear Shift\Desktop\Halo Pack\Weapons\SRS99-AM\Screen\FrameOut\SRS99_Frame_Output243.tga
C:\Users\Gear Shift\Desktop\Halo Pack\Weapons\SRS99-AM\Screen\FrameOut\SRS99_Frame_Output244.tga
C:\Users\Gear Shift\Desktop\Halo Pack\Weapons\SRS99-AM\Screen\FrameOut\SRS99_Frame_Output245.tga
C:\Users\Gear Shift\Desktop\Halo Pack\Weapons\SRS99-AM\Screen\FrameOut\SRS99_Frame_Output246.tga
C:\Users\Gear Shift\Desktop\Halo Pack\Weapons\SRS99-AM\Screen\FrameOut\SRS99_Frame_Output247.tga
C:\Users\Gear Shift\Desktop\Halo Pack\Weapons\SRS99-AM\Screen\FrameOut\SRS99_Frame_Output248.tga
C:\Users\Gear Shift\Desktop\Halo Pack\Weapons\SRS99-AM\Screen\FrameOut\SRS99_Frame_Output249.tga
C:\Users\Gear Shift\Desktop\Halo Pack\Weapons\SRS99-AM\Screen\FrameOut\SRS99_Frame_Output250.tga
C:\Users\Gear Shift\Desktop\Halo Pack\Weapons\SRS99-AM\Screen\FrameOut\SRS99_Frame_Output251.tga
C:\Users\Gear Shift\Desktop\Halo Pack\Weapons\SRS99-AM\Screen\FrameOut\SRS99_Frame_Output252.tga
C:\Users\Gear Shift\Desktop\Halo Pack\Weapons\SRS99-AM\Screen\FrameOut\SRS99_Frame_Output253.tga
C:\Users\Gear Shift\Desktop\Halo Pack\Weapons\SRS99-AM\Screen\FrameOut\SRS99_Frame_Output254.tga
C:\Users\Gear Shift\Desktop\Halo Pack\Weapons\SRS99-AM\Screen\FrameOut\SRS99_Frame_Output255.tga
C:\Users\Gear Shift\Desktop\Halo Pack\Weapons\SRS99-AM\Screen\FrameOut\SRS99_Frame_Output256.tga
C:\Users\Gear Shift\Desktop\Halo Pack\Weapons\SRS99-AM\Screen\FrameOut\SRS99_Frame_Output257.tga
C:\Users\Gear Shift\Desktop\Halo Pack\Weapons\SRS99-AM\Screen\FrameOut\SRS99_Frame_Output258.tga
C:\Users\Gear Shift\Desktop\Halo Pack\Weapons\SRS99-AM\Screen\FrameOut\SRS99_Frame_Output259.tga
C:\Users\Gear Shift\Desktop\Halo Pack\Weapons\SRS99-AM\Screen\FrameOut\SRS99_Frame_Output260.tga
C:\Users\Gear Shift\Desktop\Halo Pack\Weapons\SRS99-AM\Screen\FrameOut\SRS99_Frame_Output261.tga
C:\Users\Gear Shift\Desktop\Halo Pack\Weapons\SRS99-AM\Screen\FrameOut\SRS99_Frame_Output262.tga
C:\Users\Gear Shift\Desktop\Halo Pack\Weapons\SRS99-AM\Screen\FrameOut\SRS99_Frame_Output263.tga
C:\Users\Gear Shift\Desktop\Halo Pack\Weapons\SRS99-AM\Screen\FrameOut\SRS99_Frame_Output264.tga
C:\Users\Gear Shift\Desktop\Halo Pack\Weapons\SRS99-AM\Screen\FrameOut\SRS99_Frame_Output265.tga
C:\Users\Gear Shift\Desktop\Halo Pack\Weapons\SRS99-AM\Screen\FrameOut\SRS99_Frame_Output266.tga
C:\Users\Gear Shift\Desktop\Halo Pack\Weapons\SRS99-AM\Screen\FrameOut\SRS99_Frame_Output267.tga
C:\Users\Gear Shift\Desktop\Halo Pack\Weapons\SRS99-AM\Screen\FrameOut\SRS99_Frame_Output268.tga
C:\Users\Gear Shift\Desktop\Halo Pack\Weapons\SRS99-AM\Screen\FrameOut\SRS99_Frame_Output269.tga
C:\Users\Gear Shift\Desktop\Halo Pack\Weapons\SRS99-AM\Screen\FrameOut\SRS99_Frame_Output270.tga
C:\Users\Gear Shift\Desktop\Halo Pack\Weapons\SRS99-AM\Screen\FrameOut\SRS99_Frame_Output271.tga
C:\Users\Gear Shift\Desktop\Halo Pack\Weapons\SRS99-AM\Screen\FrameOut\SRS99_Frame_Output272.tga
C:\Users\Gear Shift\Desktop\Halo Pack\Weapons\SRS99-AM\Screen\FrameOut\SRS99_Frame_Output273.tga
C:\Users\Gear Shift\Desktop\Halo Pack\Weapons\SRS99-AM\Screen\FrameOut\SRS99_Frame_Output274.tga
C:\Users\Gear Shift\Desktop\Halo Pack\Weapons\SRS99-AM\Screen\FrameOut\SRS99_Frame_Output275.tga
C:\Users\Gear Shift\Desktop\Halo Pack\Weapons\SRS99-AM\Screen\FrameOut\SRS99_Frame_Output276.tga
C:\Users\Gear Shift\Desktop\Halo Pack\Weapons\SRS99-AM\Screen\FrameOut\SRS99_Frame_Output277.tga
C:\Users\Gear Shift\Desktop\Halo Pack\Weapons\SRS99-AM\Screen\FrameOut\SRS99_Frame_Output278.tga
C:\Users\Gear Shift\Desktop\Halo Pack\Weapons\SRS99-AM\Screen\FrameOut\SRS99_Frame_Output279.tga
C:\Users\Gear Shift\Desktop\Halo Pack\Weapons\SRS99-AM\Screen\FrameOut\SRS99_Frame_Output280.tga
C:\Users\Gear Shift\Desktop\Halo Pack\Weapons\SRS99-AM\Screen\FrameOut\SRS99_Frame_Output281.tga
C:\Users\Gear Shift\Desktop\Halo Pack\Weapons\SRS99-AM\Screen\FrameOut\SRS99_Frame_Output282.tga
C:\Users\Gear Shift\Desktop\Halo Pack\Weapons\SRS99-AM\Screen\FrameOut\SRS99_Frame_Output283.tga
C:\Users\Gear Shift\Desktop\Halo Pack\Weapons\SRS99-AM\Screen\FrameOut\SRS99_Frame_Output284.tga
C:\Users\Gear Shift\Desktop\Halo Pack\Weapons\SRS99-AM\Screen\FrameOut\SRS99_Frame_Output285.tga
C:\Users\Gear Shift\Desktop\Halo Pack\Weapons\SRS99-AM\Screen\FrameOut\SRS99_Frame_Output286.tga
C:\Users\Gear Shift\Desktop\Halo Pack\Weapons\SRS99-AM\Screen\FrameOut\SRS99_Frame_Output287.tga
C:\Users\Gear Shift\Desktop\Halo Pack\Weapons\SRS99-AM\Screen\FrameOut\SRS99_Frame_Output288.tga
C:\Users\Gear Shift\Desktop\Halo Pack\Weapons\SRS99-AM\Screen\FrameOut\SRS99_Frame_Output289.tga
C:\Users\Gear Shift\Desktop\Halo Pack\Weapons\SRS99-AM\Screen\FrameOut\SRS99_Frame_Output290.tga
C:\Users\Gear Shift\Desktop\Halo Pack\Weapons\SRS99-AM\Screen\FrameOut\SRS99_Frame_Output291.tga
C:\Users\Gear Shift\Desktop\Halo Pack\Weapons\SRS99-AM\Screen\FrameOut\SRS99_Frame_Output292.tga
C:\Users\Gear Shift\Desktop\Halo Pack\Weapons\SRS99-AM\Screen\FrameOut\SRS99_Frame_Output293.tga
C:\Users\Gear Shift\Desktop\Halo Pack\Weapons\SRS99-AM\Screen\FrameOut\SRS99_Frame_Output294.tga
C:\Users\Gear Shift\Desktop\Halo Pack\Weapons\SRS99-AM\Screen\FrameOut\SRS99_Frame_Output295.tga
C:\Users\Gear Shift\Desktop\Halo Pack\Weapons\SRS99-AM\Screen\FrameOut\SRS99_Frame_Output296.tga
C:\Users\Gear Shift\Desktop\Halo Pack\Weapons\SRS99-AM\Screen\FrameOut\SRS99_Frame_Output297.tga
C:\Users\Gear Shift\Desktop\Halo Pack\Weapons\SRS99-AM\Screen\FrameOut\SRS99_Frame_Output298.tga
C:\Users\Gear Shift\Desktop\Halo Pack\Weapons\SRS99-AM\Screen\FrameOut\SRS99_Frame_Output299.tga
C:\Users\Gear Shift\Desktop\Halo Pack\Weapons\SRS99-AM\Screen\FrameOut\SRS99_Frame_Output300.tga
C:\Users\Gear Shift\Desktop\Halo Pack\Weapons\SRS99-AM\Screen\FrameOut\SRS99_Frame_Output301.tga
C:\Users\Gear Shift\Desktop\Halo Pack\Weapons\SRS99-AM\Screen\FrameOut\SRS99_Frame_Output302.tga
C:\Users\Gear Shift\Desktop\Halo Pack\Weapons\SRS99-AM\Screen\FrameOut\SRS99_Frame_Output303.tga
C:\Users\Gear Shift\Desktop\Halo Pack\Weapons\SRS99-AM\Screen\FrameOut\SRS99_Frame_Output304.tga
C:\Users\Gear Shift\Desktop\Halo Pack\Weapons\SRS99-AM\Screen\FrameOut\SRS99_Frame_Output305.tga
C:\Users\Gear Shift\Desktop\Halo Pack\Weapons\SRS99-AM\Screen\FrameOut\SRS99_Frame_Output306.tga
C:\Users\Gear Shift\Desktop\Halo Pack\Weapons\SRS99-AM\Screen\FrameOut\SRS99_Frame_Output307.tga
C:\Users\Gear Shift\Desktop\Halo Pack\Weapons\SRS99-AM\Screen\FrameOut\SRS99_Frame_Output308.tga
C:\Users\Gear Shift\Desktop\Halo Pack\Weapons\SRS99-AM\Screen\FrameOut\SRS99_Frame_Output309.tga
C:\Users\Gear Shift\Desktop\Halo Pack\Weapons\SRS99-AM\Screen\FrameOut\SRS99_Frame_Output310.tga
C:\Users\Gear Shift\Desktop\Halo Pack\Weapons\SRS99-AM\Screen\FrameOut\SRS99_Frame_Output311.tga
C:\Users\Gear Shift\Desktop\Halo Pack\Weapons\SRS99-AM\Screen\FrameOut\SRS99_Frame_Output312.tga
C:\Users\Gear Shift\Desktop\Halo Pack\Weapons\SRS99-AM\Screen\FrameOut\SRS99_Frame_Output313.tga
C:\Users\Gear Shift\Desktop\Halo Pack\Weapons\SRS99-AM\Screen\FrameOut\SRS99_Frame_Output314.tga
C:\Users\Gear Shift\Desktop\Halo Pack\Weapons\SRS99-AM\Screen\FrameOut\SRS99_Frame_Output315.tga
C:\Users\Gear Shift\Desktop\Halo Pack\Weapons\SRS99-AM\Screen\FrameOut\SRS99_Frame_Output316.tga
C:\Users\Gear Shift\Desktop\Halo Pack\Weapons\SRS99-AM\Screen\FrameOut\SRS99_Frame_Output317.tga
C:\Users\Gear Shift\Desktop\Halo Pack\Weapons\SRS99-AM\Screen\FrameOut\SRS99_Frame_Output318.tga
C:\Users\Gear Shift\Desktop\Halo Pack\Weapons\SRS99-AM\Screen\FrameOut\SRS99_Frame_Output319.tga
C:\Users\Gear Shift\Desktop\Halo Pack\Weapons\SRS99-AM\Screen\FrameOut\SRS99_Frame_Output320.tga
C:\Users\Gear Shift\Desktop\Halo Pack\Weapons\SRS99-AM\Screen\FrameOut\SRS99_Frame_Output321.tga
C:\Users\Gear Shift\Desktop\Halo Pack\Weapons\SRS99-AM\Screen\FrameOut\SRS99_Frame_Output322.tga
C:\Users\Gear Shift\Desktop\Halo Pack\Weapons\SRS99-AM\Screen\FrameOut\SRS99_Frame_Output323.tga
C:\Users\Gear Shift\Desktop\Halo Pack\Weapons\SRS99-AM\Screen\FrameOut\SRS99_Frame_Output324.tga
C:\Users\Gear Shift\Desktop\Halo Pack\Weapons\SRS99-AM\Screen\FrameOut\SRS99_Frame_Output325.tga
C:\Users\Gear Shift\Desktop\Halo Pack\Weapons\SRS99-AM\Screen\FrameOut\SRS99_Frame_Output326.tga
C:\Users\Gear Shift\Desktop\Halo Pack\Weapons\SRS99-AM\Screen\FrameOut\SRS99_Frame_Output327.tga
C:\Users\Gear Shift\Desktop\Halo Pack\Weapons\SRS99-AM\Screen\FrameOut\SRS99_Frame_Output328.tga
C:\Users\Gear Shift\Desktop\Halo Pack\Weapons\SRS99-AM\Screen\FrameOut\SRS99_Frame_Output329.tga
C:\Users\Gear Shift\Desktop\Halo Pack\Weapons\SRS99-AM\Screen\FrameOut\SRS99_Frame_Output330.tga
C:\Users\Gear Shift\Desktop\Halo Pack\Weapons\SRS99-AM\Screen\FrameOut\SRS99_Frame_Output331.tga
C:\Users\Gear Shift\Desktop\Halo Pack\Weapons\SRS99-AM\Screen\FrameOut\SRS99_Frame_Output332.tga
C:\Users\Gear Shift\Desktop\Halo Pack\Weapons\SRS99-AM\Screen\FrameOut\SRS99_Frame_Output333.tga
C:\Users\Gear Shift\Desktop\Halo Pack\Weapons\SRS99-AM\Screen\FrameOut\SRS99_Frame_Output334.tga
C:\Users\Gear Shift\Desktop\Halo Pack\Weapons\SRS99-AM\Screen\FrameOut\SRS99_Frame_Output335.tga
C:\Users\Gear Shift\Desktop\Halo Pack\Weapons\SRS99-AM\Screen\FrameOut\SRS99_Frame_Output336.tga
C:\Users\Gear Shift\Desktop\Halo Pack\Weapons\SRS99-AM\Screen\FrameOut\SRS99_Frame_Output337.tga
C:\Users\Gear Shift\Desktop\Halo Pack\Weapons\SRS99-AM\Screen\FrameOut\SRS99_Frame_Output338.tga
C:\Users\Gear Shift\Desktop\Halo Pack\Weapons\SRS99-AM\Screen\FrameOut\SRS99_Frame_Output339.tga
C:\Users\Gear Shift\Desktop\Halo Pack\Weapons\SRS99-AM\Screen\FrameOut\SRS99_Frame_Output340.tga
C:\Users\Gear Shift\Desktop\Halo Pack\Weapons\SRS99-AM\Screen\FrameOut\SRS99_Frame_Output341.tga
C:\Users\Gear Shift\Desktop\Halo Pack\Weapons\SRS99-AM\Screen\FrameOut\SRS99_Frame_Output342.tga
C:\Users\Gear Shift\Desktop\Halo Pack\Weapons\SRS99-AM\Screen\FrameOut\SRS99_Frame_Output343.tga
C:\Users\Gear Shift\Desktop\Halo Pack\Weapons\SRS99-AM\Screen\FrameOut\SRS99_Frame_Output344.tga
C:\Users\Gear Shift\Desktop\Halo Pack\Weapons\SRS99-AM\Screen\FrameOut\SRS99_Frame_Output345.tga
C:\Users\Gear Shift\Desktop\Halo Pack\Weapons\SRS99-AM\Screen\FrameOut\SRS99_Frame_Output346.tga
C:\Users\Gear Shift\Desktop\Halo Pack\Weapons\SRS99-AM\Screen\FrameOut\SRS99_Frame_Output347.tga
C:\Users\Gear Shift\Desktop\Halo Pack\Weapons\SRS99-AM\Screen\FrameOut\SRS99_Frame_Output348.tga
C:\Users\Gear Shift\Desktop\Halo Pack\Weapons\SRS99-AM\Screen\FrameOut\SRS99_Frame_Output349.tga
C:\Users\Gear Shift\Desktop\Halo Pack\Weapons\SRS99-AM\Screen\FrameOut\SRS99_Frame_Output350.tga
C:\Users\Gear Shift\Desktop\Halo Pack\Weapons\SRS99-AM\Screen\FrameOut\SRS99_Frame_Output351.tga
C:\Users\Gear Shift\Desktop\Halo Pack\Weapons\SRS99-AM\Screen\FrameOut\SRS99_Frame_Output352.tga
C:\Users\Gear Shift\Desktop\Halo Pack\Weapons\SRS99-AM\Screen\FrameOut\SRS99_Frame_Output353.tga
C:\Users\Gear Shift\Desktop\Halo Pack\Weapons\SRS99-AM\Screen\FrameOut\SRS99_Frame_Output354.tga
C:\Users\Gear Shift\Desktop\Halo Pack\Weapons\SRS99-AM\Screen\FrameOut\SRS99_Frame_Output355.tga
C:\Users\Gear Shift\Desktop\Halo Pack\Weapons\SRS99-AM\Screen\FrameOut\SRS99_Frame_Output356.tga
C:\Users\Gear Shift\Desktop\Halo Pack\Weapons\SRS99-AM\Screen\FrameOut\SRS99_Frame_Output357.tga
C:\Users\Gear Shift\Desktop\Halo Pack\Weapons\SRS99-AM\Screen\FrameOut\SRS99_Frame_Output358.tga
C:\Users\Gear Shift\Desktop\Halo Pack\Weapons\SRS99-AM\Screen\FrameOut\SRS99_Frame_Output359.tga
C:\Users\Gear Shift\Desktop\Halo Pack\Weapons\SRS99-AM\Screen\FrameOut\SRS99_Frame_Output360.tga
C:\Users\Gear Shift\Desktop\Halo Pack\Weapons\SRS99-AM\Screen\FrameOut\SRS99_Frame_Output361.tga
C:\Users\Gear Shift\Desktop\Halo Pack\Weapons\SRS99-AM\Screen\FrameOut\SRS99_Frame_Output362.tga
C:\Users\Gear Shift\Desktop\Halo Pack\Weapons\SRS99-AM\Screen\FrameOut\SRS99_Frame_Output363.tga
C:\Users\Gear Shift\Desktop\Halo Pack\Weapons\SRS99-AM\Screen\FrameOut\SRS99_Frame_Output364.tga
C:\Users\Gear Shift\Desktop\Halo Pack\Weapons\SRS99-AM\Screen\FrameOut\SRS99_Frame_Output365.tga
C:\Users\Gear Shift\Desktop\Halo Pack\Weapons\SRS99-AM\Screen\FrameOut\SRS99_Frame_Output366.tga
C:\Users\Gear Shift\Desktop\Halo Pack\Weapons\SRS99-AM\Screen\FrameOut\SRS99_Frame_Output367.tga
C:\Users\Gear Shift\Desktop\Halo Pack\Weapons\SRS99-AM\Screen\FrameOut\SRS99_Frame_Output368.tga
C:\Users\Gear Shift\Desktop\Halo Pack\Weapons\SRS99-AM\Screen\FrameOut\SRS99_Frame_Output369.tga
C:\Users\Gear Shift\Desktop\Halo Pack\Weapons\SRS99-AM\Screen\FrameOut\SRS99_Frame_Output370.tga
C:\Users\Gear Shift\Desktop\Halo Pack\Weapons\SRS99-AM\Screen\FrameOut\SRS99_Frame_Output371.tga
C:\Users\Gear Shift\Desktop\Halo Pack\Weapons\SRS99-AM\Screen\FrameOut\SRS99_Frame_Output372.tga
C:\Users\Gear Shift\Desktop\Halo Pack\Weapons\SRS99-AM\Screen\FrameOut\SRS99_Frame_Output373.tga
C:\Users\Gear Shift\Desktop\Halo Pack\Weapons\SRS99-AM\Screen\FrameOut\SRS99_Frame_Output374.tga
C:\Users\Gear Shift\Desktop\Halo Pack\Weapons\SRS99-AM\Screen\FrameOut\SRS99_Frame_Output375.tga
C:\Users\Gear Shift\Desktop\Halo Pack\Weapons\SRS99-AM\Screen\FrameOut\SRS99_Frame_Output376.tga
C:\Users\Gear Shift\Desktop\Halo Pack\Weapons\SRS99-AM\Screen\FrameOut\SRS99_Frame_Output377.tga
C:\Users\Gear Shift\Desktop\Halo Pack\Weapons\SRS99-AM\Screen\FrameOut\SRS99_Frame_Output378.tga
C:\Users\Gear Shift\Desktop\Halo Pack\Weapons\SRS99-AM\Screen\FrameOut\SRS99_Frame_Output379.tga
C:\Users\Gear Shift\Desktop\Halo Pack\Weapons\SRS99-AM\Screen\FrameOut\SRS99_Frame_Output380.tga
C:\Users\Gear Shift\Desktop\Halo Pack\Weapons\SRS99-AM\Screen\FrameOut\SRS99_Frame_Output381.tga
C:\Users\Gear Shift\Desktop\Halo Pack\Weapons\SRS99-AM\Screen\FrameOut\SRS99_Frame_Output382.tga
C:\Users\Gear Shift\Desktop\Halo Pack\Weapons\SRS99-AM\Screen\FrameOut\SRS99_Frame_Output383.tga
C:\Users\Gear Shift\Desktop\Halo Pack\Weapons\SRS99-AM\Screen\FrameOut\SRS99_Frame_Output384.tga
C:\Users\Gear Shift\Desktop\Halo Pack\Weapons\SRS99-AM\Screen\FrameOut\SRS99_Frame_Output385.tga
C:\Users\Gear Shift\Desktop\Halo Pack\Weapons\SRS99-AM\Screen\FrameOut\SRS99_Frame_Output386.tga
C:\Users\Gear Shift\Desktop\Halo Pack\Weapons\SRS99-AM\Screen\FrameOut\SRS99_Frame_Output387.tga
C:\Users\Gear Shift\Desktop\Halo Pack\Weapons\SRS99-AM\Screen\FrameOut\SRS99_Frame_Output388.tga
C:\Users\Gear Shift\Desktop\Halo Pack\Weapons\SRS99-AM\Screen\FrameOut\SRS99_Frame_Output389.tga
C:\Users\Gear Shift\Desktop\Halo Pack\Weapons\SRS99-AM\Screen\FrameOut\SRS99_Frame_Output390.tga
C:\Users\Gear Shift\Desktop\Halo Pack\Weapons\SRS99-AM\Screen\FrameOut\SRS99_Frame_Output391.tga
C:\Users\Gear Shift\Desktop\Halo Pack\Weapons\SRS99-AM\Screen\FrameOut\SRS99_Frame_Output392.tga
C:\Users\Gear Shift\Desktop\Halo Pack\Weapons\SRS99-AM\Screen\FrameOut\SRS99_Frame_Output393.tga
C:\Users\Gear Shift\Desktop\Halo Pack\Weapons\SRS99-AM\Screen\FrameOut\SRS99_Frame_Output394.tga
C:\Users\Gear Shift\Desktop\Halo Pack\Weapons\SRS99-AM\Screen\FrameOut\SRS99_Frame_Output395.tga
C:\Users\Gear Shift\Desktop\Halo Pack\Weapons\SRS99-AM\Screen\FrameOut\SRS99_Frame_Output396.tga
C:\Users\Gear Shift\Desktop\Halo Pack\Weapons\SRS99-AM\Screen\FrameOut\SRS99_Frame_Output397.tga
C:\Users\Gear Shift\Desktop\Halo Pack\Weapons\SRS99-AM\Screen\FrameOut\SRS99_Frame_Output398.tga
C:\Users\Gear Shift\Desktop\Halo Pack\Weapons\SRS99-AM\Screen\FrameOut\SRS99_Frame_Output399.tga
C:\Users\Gear Shift\Desktop\Halo Pack\Weapons\SRS99-AM\Screen\FrameOut\SRS99_Frame_Output400.tga
C:\Users\Gear Shift\Desktop\Halo Pack\Weapons\SRS99-AM\Screen\FrameOut\SRS99_Frame_Output401.tga
C:\Users\Gear Shift\Desktop\Halo Pack\Weapons\SRS99-AM\Screen\FrameOut\SRS99_Frame_Output402.tga
C:\Users\Gear Shift\Desktop\Halo Pack\Weapons\SRS99-AM\Screen\FrameOut\SRS99_Frame_Output403.tga
C:\Users\Gear Shift\Desktop\Halo Pack\Weapons\SRS99-AM\Screen\FrameOut\SRS99_Frame_Output404.tga
C:\Users\Gear Shift\Desktop\Halo Pack\Weapons\SRS99-AM\Screen\FrameOut\SRS99_Frame_Output405.tga
C:\Users\Gear Shift\Desktop\Halo Pack\Weapons\SRS99-AM\Screen\FrameOut\SRS99_Frame_Output406.tga
C:\Users\Gear Shift\Desktop\Halo Pack\Weapons\SRS99-AM\Screen\FrameOut\SRS99_Frame_Output407.tga
C:\Users\Gear Shift\Desktop\Halo Pack\Weapons\SRS99-AM\Screen\FrameOut\SRS99_Frame_Output408.tga
C:\Users\Gear Shift\Desktop\Halo Pack\Weapons\SRS99-AM\Screen\FrameOut\SRS99_Frame_Output409.tga
C:\Users\Gear Shift\Desktop\Halo Pack\Weapons\SRS99-AM\Screen\FrameOut\SRS99_Frame_Output410.tga
C:\Users\Gear Shift\Desktop\Halo Pack\Weapons\SRS99-AM\Screen\FrameOut\SRS99_Frame_Output411.tga
C:\Users\Gear Shift\Desktop\Halo Pack\Weapons\SRS99-AM\Screen\FrameOut\SRS99_Frame_Output412.tga
C:\Users\Gear Shift\Desktop\Halo Pack\Weapons\SRS99-AM\Screen\FrameOut\SRS99_Frame_Output413.tga
C:\Users\Gear Shift\Desktop\Halo Pack\Weapons\SRS99-AM\Screen\FrameOut\SRS99_Frame_Output414.tga
C:\Users\Gear Shift\Desktop\Halo Pack\Weapons\SRS99-AM\Screen\FrameOut\SRS99_Frame_Output415.tga
